[High Leverage] Company: ADANIENSOL, Year: 2015 - Non-financial company debt-to-equity ratio 8.96 is > 5
[Low Interest Coverage] Company: ADANIENSOL, Year: 2015 - Interest coverage ratio 1.42 is < 1.5
[CAGR Revenue] Company: ADANIENSOL, Year: 2019 - CAGR calculation triggered flag: ZERO_BASE
[CAGR PAT] Company: ADANIENSOL, Year: 2019 - CAGR calculation triggered flag: ZERO_BASE
[CAGR EPS] Company: ADANIENSOL, Year: 2019 - CAGR calculation triggered flag: ZERO_BASE
[CAGR PAT] Company: ADANIENSOL, Year: 2020 - CAGR calculation triggered flag: TURNAROUND
[CAGR EPS] Company: ADANIENSOL, Year: 2020 - CAGR calculation triggered flag: ZERO_BASE
[OPM Mismatch] Company: ADANIENSOL, Year: 2024 - Calculated OPM 34.39% differs from sheet OPM 30.0% by >1%
[Low Interest Coverage] Company: ADANIGREEN, Year: 2017 - Interest coverage ratio 1.45 is < 1.5
[High Leverage] Company: ADANIGREEN, Year: 2018 - Non-financial company debt-to-equity ratio 7.36 is > 5
[High Leverage] Company: ADANIGREEN, Year: 2019 - Non-financial company debt-to-equity ratio 5.76 is > 5
[Low Interest Coverage] Company: ADANIGREEN, Year: 2019 - Interest coverage ratio 1.43 is < 1.5
[High Leverage] Company: ADANIGREEN, Year: 2020 - Non-financial company debt-to-equity ratio 6.31 is > 5
[Low Interest Coverage] Company: ADANIGREEN, Year: 2020 - Interest coverage ratio 1.35 is < 1.5
[High Leverage] Company: ADANIGREEN, Year: 2021 - Non-financial company debt-to-equity ratio 11.00 is > 5
[Low Interest Coverage] Company: ADANIGREEN, Year: 2021 - Interest coverage ratio 1.35 is < 1.5
[High Leverage] Company: ADANIGREEN, Year: 2022 - Non-financial company debt-to-equity ratio 20.21 is > 5
[CAGR PAT] Company: ADANIGREEN, Year: 2022 - CAGR calculation triggered flag: TURNAROUND
[CAGR EPS] Company: ADANIGREEN, Year: 2022 - CAGR calculation triggered flag: ZERO_BASE
[High Leverage] Company: ADANIGREEN, Year: 2023 - Non-financial company debt-to-equity ratio 7.42 is > 5
[CAGR PAT] Company: ADANIGREEN, Year: 2023 - CAGR calculation triggered flag: TURNAROUND
[CAGR EPS] Company: ADANIGREEN, Year: 2023 - CAGR calculation triggered flag: TURNAROUND
[High Leverage] Company: ADANIGREEN, Year: 2024 - Non-financial company debt-to-equity ratio 6.60 is > 5
[CAGR PAT] Company: ADANIGREEN, Year: 2024 - CAGR calculation triggered flag: TURNAROUND
[CAGR EPS] Company: ADANIGREEN, Year: 2024 - CAGR calculation triggered flag: TURNAROUND
[High Leverage] Company: ADANIPOWER, Year: 2013 - Non-financial company debt-to-equity ratio 9.74 is > 5
[Low Interest Coverage] Company: ADANIPOWER, Year: 2013 - Interest coverage ratio 0.69 is < 1.5
[High Leverage] Company: ADANIPOWER, Year: 2014 - Non-financial company debt-to-equity ratio 6.75 is > 5
[Low Interest Coverage] Company: ADANIPOWER, Year: 2014 - Interest coverage ratio 1.14 is < 1.5
[High Leverage] Company: ADANIPOWER, Year: 2015 - Non-financial company debt-to-equity ratio 7.82 is > 5
[Low Interest Coverage] Company: ADANIPOWER, Year: 2015 - Interest coverage ratio 1.21 is < 1.5
[High Leverage] Company: ADANIPOWER, Year: 2016 - Non-financial company debt-to-equity ratio 7.06 is > 5
[High Leverage] Company: ADANIPOWER, Year: 2017 - Non-financial company debt-to-equity ratio 17.49 is > 5
[Low Interest Coverage] Company: ADANIPOWER, Year: 2017 - Interest coverage ratio 0.39 is < 1.5
[High Leverage] Company: ADANIPOWER, Year: 2018 - Non-financial company debt-to-equity ratio 59.43 is > 5
[Low Interest Coverage] Company: ADANIPOWER, Year: 2018 - Interest coverage ratio 1.11 is < 1.5
[CAGR PAT] Company: ADANIPOWER, Year: 2018 - CAGR calculation triggered flag: BOTH_NEGATIVE
[CAGR EPS] Company: ADANIPOWER, Year: 2018 - CAGR calculation triggered flag: BOTH_NEGATIVE
[High Leverage] Company: ADANIPOWER, Year: 2019 - Non-financial company debt-to-equity ratio 6.09 is > 5
[Low Interest Coverage] Company: ADANIPOWER, Year: 2019 - Interest coverage ratio 1.31 is < 1.5
[CAGR PAT] Company: ADANIPOWER, Year: 2019 - CAGR calculation triggered flag: BOTH_NEGATIVE
[CAGR EPS] Company: ADANIPOWER, Year: 2019 - CAGR calculation triggered flag: BOTH_NEGATIVE
[High Leverage] Company: ADANIPOWER, Year: 2020 - Non-financial company debt-to-equity ratio 8.52 is > 5
[Low Interest Coverage] Company: ADANIPOWER, Year: 2020 - Interest coverage ratio 1.14 is < 1.5
[CAGR PAT] Company: ADANIPOWER, Year: 2020 - CAGR calculation triggered flag: BOTH_NEGATIVE
[CAGR EPS] Company: ADANIPOWER, Year: 2020 - CAGR calculation triggered flag: BOTH_NEGATIVE
[CAGR PAT] Company: ADANIPOWER, Year: 2022 - CAGR calculation triggered flag: TURNAROUND
[CAGR EPS] Company: ADANIPOWER, Year: 2022 - CAGR calculation triggered flag: TURNAROUND
[CAGR PAT] Company: ADANIPOWER, Year: 2023 - CAGR calculation triggered flag: TURNAROUND
[CAGR EPS] Company: ADANIPOWER, Year: 2023 - CAGR calculation triggered flag: TURNAROUND
[CAGR PAT] Company: ADANIPOWER, Year: 2024 - CAGR calculation triggered flag: TURNAROUND
[CAGR EPS] Company: ADANIPOWER, Year: 2024 - CAGR calculation triggered flag: TURNAROUND
[OPM Mismatch] Company: AXISBANK, Year: 2013 - Calculated OPM 30.58% differs from sheet OPM 1353.0% by >1%
[Low Interest Coverage] Company: AXISBANK, Year: 2013 - Interest coverage ratio 1.27 is < 1.5
[OPM Mismatch] Company: AXISBANK, Year: 2014 - Calculated OPM 31.47% differs from sheet OPM 2307.0% by >1%
[Low Interest Coverage] Company: AXISBANK, Year: 2014 - Interest coverage ratio 1.30 is < 1.5
[OPM Mismatch] Company: AXISBANK, Year: 2015 - Calculated OPM 31.36% differs from sheet OPM 3097.0% by >1%
[Low Interest Coverage] Company: AXISBANK, Year: 2015 - Interest coverage ratio 1.33 is < 1.5
[OPM Mismatch] Company: AXISBANK, Year: 2016 - Calculated OPM 32.61% differs from sheet OPM 3466.0% by >1%
[Low Interest Coverage] Company: AXISBANK, Year: 2016 - Interest coverage ratio 1.43 is < 1.5
[OPM Mismatch] Company: AXISBANK, Year: 2017 - Calculated OPM 53.45% differs from sheet OPM -5715.0% by >1%
[OPM Mismatch] Company: AXISBANK, Year: 2018 - Calculated OPM 63.12% differs from sheet OPM -10277.0% by >1%
[OPM Mismatch] Company: AXISBANK, Year: 2019 - Calculated OPM 49.39% differs from sheet OPM -5447.0% by >1%
[OPM Mismatch] Company: AXISBANK, Year: 2020 - Calculated OPM 55.98% differs from sheet OPM -9859.0% by >1%
[OPM Mismatch] Company: AXISBANK, Year: 2021 - Calculated OPM 50.12% differs from sheet OPM -2510.0% by >1%
[OPM Mismatch] Company: AXISBANK, Year: 2022 - Calculated OPM 44.47% differs from sheet OPM 3170.0% by >1%
[OPM Mismatch] Company: AXISBANK, Year: 2023 - Calculated OPM 34.16% differs from sheet OPM 13857.0% by >1%
[OPM Mismatch] Company: AXISBANK, Year: 2024 - Calculated OPM 34.69% differs from sheet OPM 11952.0% by >1%
[OPM Mismatch] Company: BAJFINANCE, Year: 2015 - Calculated OPM 32.49% differs from sheet OPM 1367.0% by >1%
[OPM Mismatch] Company: BAJFINANCE, Year: 2016 - Calculated OPM 32.25% differs from sheet OPM 1986.0% by >1%
[OPM Mismatch] Company: BAJFINANCE, Year: 2017 - Calculated OPM 32.60% differs from sheet OPM 2867.0% by >1%
[OPM Mismatch] Company: BAJFINANCE, Year: 2018 - Calculated OPM 32.28% differs from sheet OPM 3935.0% by >1%
[OPM Mismatch] Company: BAJFINANCE, Year: 2019 - Calculated OPM 29.50% differs from sheet OPM 6310.0% by >1%
[OPM Mismatch] Company: BAJFINANCE, Year: 2020 - Calculated OPM 34.73% differs from sheet OPM 7608.0% by >1%
[OPM Mismatch] Company: BAJFINANCE, Year: 2021 - Calculated OPM 40.64% differs from sheet OPM 6314.0% by >1%
[OPM Mismatch] Company: BAJFINANCE, Year: 2022 - Calculated OPM 37.55% differs from sheet OPM 9906.0% by >1%
[Low Interest Coverage] Company: BAJFINANCE, Year: 2022 - Interest coverage ratio -700.65 is < 1.5
[OPM Mismatch] Company: BAJFINANCE, Year: 2023 - Calculated OPM 30.65% differs from sheet OPM 16018.0% by >1%
[Low Interest Coverage] Company: BAJFINANCE, Year: 2023 - Interest coverage ratio -2546.40 is < 1.5
[OPM Mismatch] Company: BAJFINANCE, Year: 2024 - Calculated OPM 29.29% differs from sheet OPM 19987.0% by >1%
[OPM Mismatch] Company: BANKBARODA, Year: 2013 - Calculated OPM 30.05% differs from sheet OPM 1006.0% by >1%
[OPM Mismatch] Company: BANKBARODA, Year: 2014 - Calculated OPM 29.78% differs from sheet OPM 809.0% by >1%
[OPM Mismatch] Company: BANKBARODA, Year: 2015 - Calculated OPM 29.98% differs from sheet OPM 902.0% by >1%
[OPM Mismatch] Company: BANKBARODA, Year: 2016 - Calculated OPM 55.44% differs from sheet OPM -11700.0% by >1%
[OPM Mismatch] Company: BANKBARODA, Year: 2017 - Calculated OPM 43.28% differs from sheet OPM -4372.0% by >1%
[OPM Mismatch] Company: BANKBARODA, Year: 2018 - Calculated OPM 56.65% differs from sheet OPM -9197.0% by >1%
[CAGR PAT] Company: BANKBARODA, Year: 2018 - CAGR calculation triggered flag: DECLINE_TO_LOSS
[CAGR EPS] Company: BANKBARODA, Year: 2018 - CAGR calculation triggered flag: DECLINE_TO_LOSS
[OPM Mismatch] Company: BANKBARODA, Year: 2019 - Calculated OPM 48.79% differs from sheet OPM -5414.0% by >1%
[OPM Mismatch] Company: BANKBARODA, Year: 2020 - Calculated OPM 51.44% differs from sheet OPM -11728.0% by >1%
[OPM Mismatch] Company: BANKBARODA, Year: 2021 - Calculated OPM 51.23% differs from sheet OPM -6957.0% by >1%
[CAGR PAT] Company: BANKBARODA, Year: 2021 - CAGR calculation triggered flag: TURNAROUND
[CAGR EPS] Company: BANKBARODA, Year: 2021 - CAGR calculation triggered flag: TURNAROUND
[OPM Mismatch] Company: BANKBARODA, Year: 2022 - Calculated OPM 51.12% differs from sheet OPM -2948.0% by >1%
[OPM Mismatch] Company: BANKBARODA, Year: 2023 - Calculated OPM 40.45% differs from sheet OPM 6329.0% by >1%
[CAGR PAT] Company: BANKBARODA, Year: 2023 - CAGR calculation triggered flag: TURNAROUND
[CAGR EPS] Company: BANKBARODA, Year: 2023 - CAGR calculation triggered flag: TURNAROUND
[OPM Mismatch] Company: BANKBARODA, Year: 2024 - Calculated OPM 37.49% differs from sheet OPM 4102.0% by >1%
[Low Interest Coverage] Company: BHARTIARTL, Year: 2020 - Interest coverage ratio -0.08 is < 1.5
[CAGR PAT] Company: BHARTIARTL, Year: 2020 - CAGR calculation triggered flag: DECLINE_TO_LOSS
[CAGR EPS] Company: BHARTIARTL, Year: 2020 - CAGR calculation triggered flag: DECLINE_TO_LOSS
[CAGR PAT] Company: BHARTIARTL, Year: 2021 - CAGR calculation triggered flag: DECLINE_TO_LOSS
[CAGR EPS] Company: BHARTIARTL, Year: 2021 - CAGR calculation triggered flag: DECLINE_TO_LOSS
[Low Interest Coverage] Company: BHEL, Year: 2016 - Interest coverage ratio 0.38 is < 1.5
[Low Interest Coverage] Company: BHEL, Year: 2020 - Interest coverage ratio 0.75 is < 1.5
[CAGR PAT] Company: BHEL, Year: 2020 - CAGR calculation triggered flag: DECLINE_TO_LOSS
[CAGR EPS] Company: BHEL, Year: 2020 - CAGR calculation triggered flag: DECLINE_TO_LOSS
[Low Interest Coverage] Company: BHEL, Year: 2021 - Interest coverage ratio -5.69 is < 1.5
[CAGR PAT] Company: BHEL, Year: 2021 - CAGR calculation triggered flag: BOTH_NEGATIVE
[CAGR EPS] Company: BHEL, Year: 2021 - CAGR calculation triggered flag: BOTH_NEGATIVE
[OPM Mismatch] Company: CANBK, Year: 2013 - Calculated OPM 21.18% differs from sheet OPM 655.0% by >1%
[OPM Mismatch] Company: CANBK, Year: 2014 - Calculated OPM 24.35% differs from sheet OPM -672.0% by >1%
[OPM Mismatch] Company: CANBK, Year: 2015 - Calculated OPM 23.51% differs from sheet OPM -621.0% by >1%
[OPM Mismatch] Company: CANBK, Year: 2016 - Calculated OPM 40.38% differs from sheet OPM -8008.0% by >1%
[OPM Mismatch] Company: CANBK, Year: 2017 - Calculated OPM 37.85% differs from sheet OPM -5775.0% by >1%
[OPM Mismatch] Company: CANBK, Year: 2018 - Calculated OPM 61.87% differs from sheet OPM -13350.0% by >1%
[CAGR PAT] Company: CANBK, Year: 2018 - CAGR calculation triggered flag: DECLINE_TO_LOSS
[CAGR EPS] Company: CANBK, Year: 2018 - CAGR calculation triggered flag: DECLINE_TO_LOSS
[OPM Mismatch] Company: CANBK, Year: 2019 - Calculated OPM 56.73% differs from sheet OPM -11590.0% by >1%
[OPM Mismatch] Company: CANBK, Year: 2020 - Calculated OPM 53.88% differs from sheet OPM -12867.0% by >1%
[CAGR PAT] Company: CANBK, Year: 2020 - CAGR calculation triggered flag: DECLINE_TO_LOSS
[CAGR EPS] Company: CANBK, Year: 2020 - CAGR calculation triggered flag: DECLINE_TO_LOSS
[OPM Mismatch] Company: CANBK, Year: 2021 - Calculated OPM 61.83% differs from sheet OPM -18367.0% by >1%
[CAGR PAT] Company: CANBK, Year: 2021 - CAGR calculation triggered flag: TURNAROUND
[CAGR EPS] Company: CANBK, Year: 2021 - CAGR calculation triggered flag: TURNAROUND
[OPM Mismatch] Company: CANBK, Year: 2022 - Calculated OPM 58.39% differs from sheet OPM -13657.0% by >1%
[OPM Mismatch] Company: CANBK, Year: 2023 - Calculated OPM 49.80% differs from sheet OPM -9877.0% by >1%
[CAGR PAT] Company: CANBK, Year: 2023 - CAGR calculation triggered flag: TURNAROUND
[CAGR EPS] Company: CANBK, Year: 2023 - CAGR calculation triggered flag: TURNAROUND
[OPM Mismatch] Company: CANBK, Year: 2024 - Calculated OPM 41.75% differs from sheet OPM -7745.0% by >1%
[OPM Mismatch] Company: CHOLAFIN, Year: 2013 - Calculated OPM 26.77% differs from sheet OPM 472.0% by >1%
[OPM Mismatch] Company: CHOLAFIN, Year: 2014 - Calculated OPM 28.42% differs from sheet OPM 578.0% by >1%
[OPM Mismatch] Company: CHOLAFIN, Year: 2015 - Calculated OPM 28.56% differs from sheet OPM 696.0% by >1%
[OPM Mismatch] Company: CHOLAFIN, Year: 2016 - Calculated OPM 30.04% differs from sheet OPM 899.0% by >1%
[OPM Mismatch] Company: CHOLAFIN, Year: 2017 - Calculated OPM 28.16% differs from sheet OPM 1143.0% by >1%
[OPM Mismatch] Company: CHOLAFIN, Year: 2018 - Calculated OPM 26.10% differs from sheet OPM 1451.0% by >1%
[OPM Mismatch] Company: CHOLAFIN, Year: 2019 - Calculated OPM 22.96% differs from sheet OPM 1888.0% by >1%
[OPM Mismatch] Company: CHOLAFIN, Year: 2020 - Calculated OPM 27.79% differs from sheet OPM 1699.0% by >1%
[OPM Mismatch] Company: CHOLAFIN, Year: 2021 - Calculated OPM 30.40% differs from sheet OPM 2094.0% by >1%
[OPM Mismatch] Company: CHOLAFIN, Year: 2022 - Calculated OPM 28.83% differs from sheet OPM 2924.0% by >1%
[OPM Mismatch] Company: CHOLAFIN, Year: 2023 - Calculated OPM 28.10% differs from sheet OPM 3515.0% by >1%
[OPM Mismatch] Company: CHOLAFIN, Year: 2024 - Calculated OPM 28.10% differs from sheet OPM 4548.0% by >1%
[OPM Mismatch] Company: CIPLA, Year: 2013 - Calculated OPM 73.26% differs from sheet OPM 2214.0% by >1%
[OPM Mismatch] Company: CIPLA, Year: 2014 - Calculated OPM 78.90% differs from sheet OPM 2147.0% by >1%
[OPM Mismatch] Company: CIPLA, Year: 2015 - Calculated OPM 80.94% differs from sheet OPM 2163.0% by >1%
[OPM Mismatch] Company: CIPLA, Year: 2016 - Calculated OPM 82.02% differs from sheet OPM 2480.0% by >1%
[OPM Mismatch] Company: CIPLA, Year: 2017 - Calculated OPM 82.66% differs from sheet OPM 2496.0% by >1%
[OPM Mismatch] Company: CIPLA, Year: 2018 - Calculated OPM 81.35% differs from sheet OPM 2826.0% by >1%
[OPM Mismatch] Company: CIPLA, Year: 2019 - Calculated OPM 81.07% differs from sheet OPM 3097.0% by >1%
[OPM Mismatch] Company: CIPLA, Year: 2020 - Calculated OPM 81.29% differs from sheet OPM 3206.0% by >1%
[OPM Mismatch] Company: CIPLA, Year: 2021 - Calculated OPM 77.80% differs from sheet OPM 4252.0% by >1%
[OPM Mismatch] Company: CIPLA, Year: 2022 - Calculated OPM 79.08% differs from sheet OPM 4553.0% by >1%
[OPM Mismatch] Company: CIPLA, Year: 2023 - Calculated OPM 77.91% differs from sheet OPM 5027.0% by >1%
[OPM Mismatch] Company: CIPLA, Year: 2024 - Calculated OPM 75.59% differs from sheet OPM 6291.0% by >1%
[OPM Mismatch] Company: COALINDIA, Year: 2013 - Calculated OPM 73.52% differs from sheet OPM 18087.0% by >1%
[OPM Mismatch] Company: COALINDIA, Year: 2014 - Calculated OPM 74.84% differs from sheet OPM 17766.0% by >1%
[OPM Mismatch] Company: COALINDIA, Year: 2015 - Calculated OPM 76.60% differs from sheet OPM 17343.0% by >1%
[OPM Mismatch] Company: COALINDIA, Year: 2016 - Calculated OPM 75.96% differs from sheet OPM 18714.0% by >1%
[OPM Mismatch] Company: COALINDIA, Year: 2017 - Calculated OPM 84.07% differs from sheet OPM 12448.0% by >1%
[OPM Mismatch] Company: COALINDIA, Year: 2018 - Calculated OPM 89.10% differs from sheet OPM 9288.0% by >1%
[OPM Mismatch] Company: COALINDIA, Year: 2019 - Calculated OPM 74.89% differs from sheet OPM 25007.0% by >1%
[OPM Mismatch] Company: COALINDIA, Year: 2020 - Calculated OPM 77.54% differs from sheet OPM 21581.0% by >1%
[OPM Mismatch] Company: COALINDIA, Year: 2021 - Calculated OPM 79.31% differs from sheet OPM 18628.0% by >1%
[OPM Mismatch] Company: COALINDIA, Year: 2022 - Calculated OPM 77.47% differs from sheet OPM 24721.0% by >1%
[OPM Mismatch] Company: COALINDIA, Year: 2023 - Calculated OPM 68.01% differs from sheet OPM 44232.0% by >1%
[OPM Mismatch] Company: COALINDIA, Year: 2024 - Calculated OPM 66.29% differs from sheet OPM 47971.0% by >1%
[Low Interest Coverage] Company: DLF, Year: 2014 - Interest coverage ratio 1.47 is < 1.5
[Low Interest Coverage] Company: DLF, Year: 2019 - Interest coverage ratio 1.42 is < 1.5
[CAGR PAT] Company: DLF, Year: 2020 - CAGR calculation triggered flag: DECLINE_TO_LOSS
[CAGR EPS] Company: DLF, Year: 2020 - CAGR calculation triggered flag: DECLINE_TO_LOSS
[CAGR PAT] Company: GODREJCP, Year: 2024 - CAGR calculation triggered flag: DECLINE_TO_LOSS
[CAGR EPS] Company: GODREJCP, Year: 2024 - CAGR calculation triggered flag: DECLINE_TO_LOSS
[OPM Mismatch] Company: HDFCBANK, Year: 2013 - Calculated OPM 35.22% differs from sheet OPM 3534.0% by >1%
[OPM Mismatch] Company: HDFCBANK, Year: 2014 - Calculated OPM 31.74% differs from sheet OPM 5602.0% by >1%
[OPM Mismatch] Company: HDFCBANK, Year: 2015 - Calculated OPM 31.90% differs from sheet OPM 7214.0% by >1%
[OPM Mismatch] Company: HDFCBANK, Year: 2016 - Calculated OPM 31.75% differs from sheet OPM 9037.0% by >1%
[OPM Mismatch] Company: HDFCBANK, Year: 2017 - Calculated OPM 32.56% differs from sheet OPM 11374.0% by >1%
[OPM Mismatch] Company: HDFCBANK, Year: 2018 - Calculated OPM 34.63% differs from sheet OPM 13374.0% by >1%
[OPM Mismatch] Company: HDFCBANK, Year: 2019 - Calculated OPM 33.15% differs from sheet OPM 16592.0% by >1%
[OPM Mismatch] Company: HDFCBANK, Year: 2020 - Calculated OPM 37.20% differs from sheet OPM 14593.0% by >1%
[OPM Mismatch] Company: HDFCBANK, Year: 2021 - Calculated OPM 40.81% differs from sheet OPM 16848.0% by >1%
[OPM Mismatch] Company: HDFCBANK, Year: 2022 - Calculated OPM 41.61% differs from sheet OPM 20795.0% by >1%
[OPM Mismatch] Company: HDFCBANK, Year: 2023 - Calculated OPM 36.92% differs from sheet OPM 29932.0% by >1%
[OPM Mismatch] Company: HDFCBANK, Year: 2024 - Calculated OPM 61.41% differs from sheet OPM -44685.0% by >1%
[Low Interest Coverage] Company: HDFCBANK, Year: 2024 - Interest coverage ratio 1.40 is < 1.5
[OPM Mismatch] Company: HDFCLIFE, Year: 2013 - Calculated OPM 96.27% differs from sheet OPM 525.0% by >1%
[OPM Mismatch] Company: HDFCLIFE, Year: 2014 - Calculated OPM 96.48% differs from sheet OPM 605.0% by >1%
[OPM Mismatch] Company: HDFCLIFE, Year: 2015 - Calculated OPM 96.79% differs from sheet OPM 874.0% by >1%
[OPM Mismatch] Company: HDFCLIFE, Year: 2016 - Calculated OPM 94.74% differs from sheet OPM 953.0% by >1%
[OPM Mismatch] Company: HDFCLIFE, Year: 2017 - Calculated OPM 96.83% differs from sheet OPM 972.0% by >1%
[OPM Mismatch] Company: HDFCLIFE, Year: 2018 - Calculated OPM 96.67% differs from sheet OPM 1074.0% by >1%
[OPM Mismatch] Company: HDFCLIFE, Year: 2019 - Calculated OPM 96.87% differs from sheet OPM 1215.0% by >1%
[OPM Mismatch] Company: HDFCLIFE, Year: 2020 - Calculated OPM 96.12% differs from sheet OPM 1141.0% by >1%
[OPM Mismatch] Company: HDFCLIFE, Year: 2021 - Calculated OPM 98.27% differs from sheet OPM 1235.0% by >1%
[OPM Mismatch] Company: HDFCLIFE, Year: 2022 - Calculated OPM 98.84% differs from sheet OPM 778.0% by >1%
[OPM Mismatch] Company: HDFCLIFE, Year: 2023 - Calculated OPM 99.89% differs from sheet OPM 80.0% by >1%
[OPM Mismatch] Company: HDFCLIFE, Year: 2024 - Calculated OPM 99.48% differs from sheet OPM 531.0% by >1%
[OPM Mismatch] Company: HEROMOTOCO, Year: 2014 - Calculated OPM 85.94% differs from sheet OPM 3553.0% by >1%
[OPM Mismatch] Company: HEROMOTOCO, Year: 2015 - Calculated OPM 87.22% differs from sheet OPM 3520.0% by >1%
[OPM Mismatch] Company: HEROMOTOCO, Year: 2016 - Calculated OPM 84.45% differs from sheet OPM 4424.0% by >1%
[OPM Mismatch] Company: HEROMOTOCO, Year: 2017 - Calculated OPM 83.97% differs from sheet OPM 4585.0% by >1%
[OPM Mismatch] Company: HEROMOTOCO, Year: 2018 - Calculated OPM 83.57% differs from sheet OPM 5334.0% by >1%
[OPM Mismatch] Company: HEROMOTOCO, Year: 2019 - Calculated OPM 85.21% differs from sheet OPM 5025.0% by >1%
[OPM Mismatch] Company: HEROMOTOCO, Year: 2020 - Calculated OPM 86.09% differs from sheet OPM 4070.0% by >1%
[OPM Mismatch] Company: HEROMOTOCO, Year: 2021 - Calculated OPM 86.90% differs from sheet OPM 4058.0% by >1%
[OPM Mismatch] Company: HEROMOTOCO, Year: 2022 - Calculated OPM 88.98% differs from sheet OPM 3256.0% by >1%
[OPM Mismatch] Company: HEROMOTOCO, Year: 2023 - Calculated OPM 88.00% differs from sheet OPM 4099.0% by >1%
[OPM Mismatch] Company: HEROMOTOCO, Year: 2024 - Calculated OPM 86.15% differs from sheet OPM 5235.0% by >1%
[OPM Mismatch] Company: HINDALCO, Year: 2013 - Calculated OPM 90.40% differs from sheet OPM 7699.0% by >1%
[OPM Mismatch] Company: HINDALCO, Year: 2014 - Calculated OPM 90.85% differs from sheet OPM 8024.0% by >1%
[OPM Mismatch] Company: HINDALCO, Year: 2015 - Calculated OPM 91.52% differs from sheet OPM 8844.0% by >1%
[Low Interest Coverage] Company: HINDALCO, Year: 2015 - Interest coverage ratio -114.72 is < 1.5
[OPM Mismatch] Company: HINDALCO, Year: 2016 - Calculated OPM 92.12% differs from sheet OPM 7778.0% by >1%
[OPM Mismatch] Company: HINDALCO, Year: 2017 - Calculated OPM 87.71% differs from sheet OPM 12317.0% by >1%
[OPM Mismatch] Company: HINDALCO, Year: 2018 - Calculated OPM 88.11% differs from sheet OPM 13695.0% by >1%
[OPM Mismatch] Company: HINDALCO, Year: 2019 - Calculated OPM 88.12% differs from sheet OPM 15511.0% by >1%
[OPM Mismatch] Company: HINDALCO, Year: 2020 - Calculated OPM 87.89% differs from sheet OPM 14306.0% by >1%
[OPM Mismatch] Company: HINDALCO, Year: 2021 - Calculated OPM 86.70% differs from sheet OPM 17559.0% by >1%
[Low Interest Coverage] Company: HINDALCO, Year: 2021 - Interest coverage ratio -115.97 is < 1.5
[CAGR PAT] Company: HINDALCO, Year: 2021 - CAGR calculation triggered flag: TURNAROUND
[CAGR EPS] Company: HINDALCO, Year: 2021 - CAGR calculation triggered flag: TURNAROUND
[OPM Mismatch] Company: HINDALCO, Year: 2022 - Calculated OPM 85.47% differs from sheet OPM 28347.0% by >1%
[OPM Mismatch] Company: HINDALCO, Year: 2023 - Calculated OPM 89.85% differs from sheet OPM 22666.0% by >1%
[OPM Mismatch] Company: HINDALCO, Year: 2024 - Calculated OPM 88.95% differs from sheet OPM 23872.0% by >1%
[OPM Mismatch] Company: HINDUNILVR, Year: 2013 - Calculated OPM 84.37% differs from sheet OPM 4220.0% by >1%
[OPM Mismatch] Company: HINDUNILVR, Year: 2014 - Calculated OPM 83.72% differs from sheet OPM 4759.0% by >1%
[OPM Mismatch] Company: HINDUNILVR, Year: 2015 - Calculated OPM 83.07% differs from sheet OPM 5412.0% by >1%
[OPM Mismatch] Company: HINDUNILVR, Year: 2016 - Calculated OPM 81.64% differs from sheet OPM 5910.0% by >1%
[OPM Mismatch] Company: HINDUNILVR, Year: 2017 - Calculated OPM 80.92% differs from sheet OPM 6328.0% by >1%
[OPM Mismatch] Company: HINDUNILVR, Year: 2018 - Calculated OPM 78.90% differs from sheet OPM 7499.0% by >1%
[OPM Mismatch] Company: HINDUNILVR, Year: 2019 - Calculated OPM 77.41% differs from sheet OPM 8880.0% by >1%
[OPM Mismatch] Company: HINDUNILVR, Year: 2020 - Calculated OPM 75.21% differs from sheet OPM 9861.0% by >1%
[OPM Mismatch] Company: HINDUNILVR, Year: 2021 - Calculated OPM 75.28% differs from sheet OPM 11626.0% by >1%
[OPM Mismatch] Company: HINDUNILVR, Year: 2022 - Calculated OPM 75.49% differs from sheet OPM 12857.0% by >1%
[OPM Mismatch] Company: HINDUNILVR, Year: 2023 - Calculated OPM 76.65% differs from sheet OPM 14147.0% by >1%
[OPM Mismatch] Company: HINDUNILVR, Year: 2024 - Calculated OPM 76.32% differs from sheet OPM 14659.0% by >1%
[OPM Mismatch] Company: ICICIBANK, Year: 2013 - Calculated OPM 70.59% differs from sheet OPM -15085.0% by >1%
[Low Interest Coverage] Company: ICICIBANK, Year: 2013 - Interest coverage ratio 1.08 is < 1.5
[OPM Mismatch] Company: ICICIBANK, Year: 2014 - Calculated OPM 66.40% differs from sheet OPM -13084.0% by >1%
[Low Interest Coverage] Company: ICICIBANK, Year: 2014 - Interest coverage ratio 1.09 is < 1.5
[OPM Mismatch] Company: ICICIBANK, Year: 2015 - Calculated OPM 70.53% differs from sheet OPM -16120.0% by >1%
[Low Interest Coverage] Company: ICICIBANK, Year: 2015 - Interest coverage ratio 1.10 is < 1.5
[OPM Mismatch] Company: ICICIBANK, Year: 2016 - Calculated OPM 88.12% differs from sheet OPM -26955.0% by >1%
[Low Interest Coverage] Company: ICICIBANK, Year: 2016 - Interest coverage ratio 1.24 is < 1.5
[OPM Mismatch] Company: ICICIBANK, Year: 2017 - Calculated OPM 104.76% differs from sheet OPM -37737.0% by >1%
[Low Interest Coverage] Company: ICICIBANK, Year: 2017 - Interest coverage ratio 1.22 is < 1.5
[OPM Mismatch] Company: ICICIBANK, Year: 2018 - Calculated OPM 117.12% differs from sheet OPM -44906.0% by >1%
[Low Interest Coverage] Company: ICICIBANK, Year: 2018 - Interest coverage ratio 1.28 is < 1.5
[OPM Mismatch] Company: ICICIBANK, Year: 2019 - Calculated OPM 116.38% differs from sheet OPM -50971.0% by >1%
[Low Interest Coverage] Company: ICICIBANK, Year: 2019 - Interest coverage ratio 1.41 is < 1.5
[OPM Mismatch] Company: ICICIBANK, Year: 2020 - Calculated OPM 100.62% differs from sheet OPM -45190.0% by >1%
[Low Interest Coverage] Company: ICICIBANK, Year: 2020 - Interest coverage ratio 1.31 is < 1.5
[OPM Mismatch] Company: ICICIBANK, Year: 2021 - Calculated OPM 102.41% differs from sheet OPM -44805.0% by >1%
[Low Interest Coverage] Company: ICICIBANK, Year: 2021 - Interest coverage ratio 1.26 is < 1.5
[OPM Mismatch] Company: ICICIBANK, Year: 2022 - Calculated OPM 84.69% differs from sheet OPM -26558.0% by >1%
[Low Interest Coverage] Company: ICICIBANK, Year: 2022 - Interest coverage ratio 1.30 is < 1.5
[OPM Mismatch] Company: ICICIBANK, Year: 2023 - Calculated OPM 72.57% differs from sheet OPM -17341.0% by >1%
[Low Interest Coverage] Company: ICICIBANK, Year: 2023 - Interest coverage ratio 1.35 is < 1.5
[OPM Mismatch] Company: ICICIBANK, Year: 2024 - Calculated OPM 62.41% differs from sheet OPM -14152.0% by >1%
[Low Interest Coverage] Company: ICICIBANK, Year: 2024 - Interest coverage ratio 1.30 is < 1.5
[OPM Mismatch] Company: ICICIGI, Year: 2013 - Calculated OPM 104.46% differs from sheet OPM -178.0% by >1%
[OPM Mismatch] Company: ICICIGI, Year: 2014 - Calculated OPM 105.19% differs from sheet OPM -225.0% by >1%
[OPM Mismatch] Company: ICICIGI, Year: 2015 - Calculated OPM 105.24% differs from sheet OPM -221.0% by >1%
[OPM Mismatch] Company: ICICIGI, Year: 2016 - Calculated OPM 87.34% differs from sheet OPM 764.0% by >1%
[OPM Mismatch] Company: ICICIGI, Year: 2017 - Calculated OPM 87.78% differs from sheet OPM 919.0% by >1%
[Low Interest Coverage] Company: ICICIGI, Year: 2017 - Interest coverage ratio -3306.50 is < 1.5
[OPM Mismatch] Company: ICICIGI, Year: 2018 - Calculated OPM 103.79% differs from sheet OPM -262.0% by >1%
[OPM Mismatch] Company: ICICIGI, Year: 2019 - Calculated OPM 85.05% differs from sheet OPM 1669.0% by >1%
[Low Interest Coverage] Company: ICICIGI, Year: 2019 - Interest coverage ratio -4754.50 is < 1.5
[OPM Mismatch] Company: ICICIGI, Year: 2020 - Calculated OPM 84.61% differs from sheet OPM 1772.0% by >1%
[OPM Mismatch] Company: ICICIGI, Year: 2021 - Calculated OPM 82.97% differs from sheet OPM 2072.0% by >1%
[OPM Mismatch] Company: ICICIGI, Year: 2022 - Calculated OPM 93.66% differs from sheet OPM 1016.0% by >1%
[OPM Mismatch] Company: ICICIGI, Year: 2023 - Calculated OPM 92.93% differs from sheet OPM 1264.0% by >1%
[OPM Mismatch] Company: ICICIGI, Year: 2024 - Calculated OPM 87.42% differs from sheet OPM 2577.0% by >1%
[OPM Mismatch] Company: ICICIPRULI, Year: 2013 - Calculated OPM 96.28% differs from sheet OPM 745.0% by >1%
[OPM Mismatch] Company: ICICIPRULI, Year: 2014 - Calculated OPM 93.13% differs from sheet OPM 1504.0% by >1%
[OPM Mismatch] Company: ICICIPRULI, Year: 2015 - Calculated OPM 95.20% differs from sheet OPM 1655.0% by >1%
[OPM Mismatch] Company: ICICIPRULI, Year: 2016 - Calculated OPM 91.17% differs from sheet OPM 1842.0% by >1%
[OPM Mismatch] Company: ICICIPRULI, Year: 2017 - Calculated OPM 95.22% differs from sheet OPM 1806.0% by >1%
[OPM Mismatch] Company: ICICIPRULI, Year: 2018 - Calculated OPM 95.44% differs from sheet OPM 1771.0% by >1%
[OPM Mismatch] Company: ICICIPRULI, Year: 2019 - Calculated OPM 98.70% differs from sheet OPM 541.0% by >1%
[OPM Mismatch] Company: ICICIPRULI, Year: 2020 - Calculated OPM 101.52% differs from sheet OPM -319.0% by >1%
[OPM Mismatch] Company: ICICIPRULI, Year: 2021 - Calculated OPM 100.47% differs from sheet OPM -390.0% by >1%
[OPM Mismatch] Company: ICICIPRULI, Year: 2022 - Calculated OPM 103.40% differs from sheet OPM -2163.0% by >1%
[OPM Mismatch] Company: ICICIPRULI, Year: 2023 - Calculated OPM 103.48% differs from sheet OPM -1757.0% by >1%
[OPM Mismatch] Company: ICICIPRULI, Year: 2024 - Calculated OPM 102.03% differs from sheet OPM -1829.0% by >1%
[OPM Mismatch] Company: INDIGO, Year: 2013 - Calculated OPM 90.71% differs from sheet OPM 855.0% by >1%
[OPM Mismatch] Company: INDIGO, Year: 2014 - Calculated OPM 96.11% differs from sheet OPM 433.0% by >1%
[OPM Mismatch] Company: INDIGO, Year: 2015 - Calculated OPM 86.33% differs from sheet OPM 1904.0% by >1%
[OPM Mismatch] Company: INDIGO, Year: 2016 - Calculated OPM 80.40% differs from sheet OPM 3164.0% by >1%
[OPM Mismatch] Company: INDIGO, Year: 2017 - Calculated OPM 88.06% differs from sheet OPM 2219.0% by >1%
[OPM Mismatch] Company: INDIGO, Year: 2018 - Calculated OPM 86.84% differs from sheet OPM 3030.0% by >1%
[OPM Mismatch] Company: INDIGO, Year: 2019 - Calculated OPM 100.53% differs from sheet OPM -151.0% by >1%
[OPM Mismatch] Company: INDIGO, Year: 2020 - Calculated OPM 88.62% differs from sheet OPM 4069.0% by >1%
[CAGR PAT] Company: INDIGO, Year: 2020 - CAGR calculation triggered flag: DECLINE_TO_LOSS
[CAGR EPS] Company: INDIGO, Year: 2020 - CAGR calculation triggered flag: DECLINE_TO_LOSS
[OPM Mismatch] Company: INDIGO, Year: 2021 - Calculated OPM 99.98% differs from sheet OPM 2.0% by >1%
[CAGR PAT] Company: INDIGO, Year: 2021 - CAGR calculation triggered flag: DECLINE_TO_LOSS
[CAGR EPS] Company: INDIGO, Year: 2021 - CAGR calculation triggered flag: DECLINE_TO_LOSS
[OPM Mismatch] Company: INDIGO, Year: 2022 - Calculated OPM 97.85% differs from sheet OPM 558.0% by >1%
[CAGR PAT] Company: INDIGO, Year: 2022 - CAGR calculation triggered flag: DECLINE_TO_LOSS
[CAGR EPS] Company: INDIGO, Year: 2022 - CAGR calculation triggered flag: DECLINE_TO_LOSS
[OPM Mismatch] Company: INDIGO, Year: 2023 - Calculated OPM 88.02% differs from sheet OPM 6521.0% by >1%
[CAGR PAT] Company: INDIGO, Year: 2023 - CAGR calculation triggered flag: DECLINE_TO_LOSS
[CAGR EPS] Company: INDIGO, Year: 2023 - CAGR calculation triggered flag: DECLINE_TO_LOSS
[OPM Mismatch] Company: INDIGO, Year: 2024 - Calculated OPM 76.30% differs from sheet OPM 16331.0% by >1%
[OPM Mismatch] Company: INDUSINDBK, Year: 2013 - Calculated OPM 27.88% differs from sheet OPM 286.0% by >1%
[Low Interest Coverage] Company: INDUSINDBK, Year: 2013 - Interest coverage ratio 1.43 is < 1.5
[OPM Mismatch] Company: INDUSINDBK, Year: 2014 - Calculated OPM 30.95% differs from sheet OPM 335.0% by >1%
[Low Interest Coverage] Company: INDUSINDBK, Year: 2014 - Interest coverage ratio 1.35 is < 1.5
[OPM Mismatch] Company: INDUSINDBK, Year: 2015 - Calculated OPM 32.33% differs from sheet OPM 288.0% by >1%
[Low Interest Coverage] Company: INDUSINDBK, Year: 2015 - Interest coverage ratio 1.23 is < 1.5
[OPM Mismatch] Company: INDUSINDBK, Year: 2016 - Calculated OPM 35.28% differs from sheet OPM 329.0% by >1%
[Low Interest Coverage] Company: INDUSINDBK, Year: 2016 - Interest coverage ratio 1.27 is < 1.5
[OPM Mismatch] Company: INDUSINDBK, Year: 2017 - Calculated OPM 39.46% differs from sheet OPM 379.0% by >1%
[Low Interest Coverage] Company: INDUSINDBK, Year: 2017 - Interest coverage ratio 1.36 is < 1.5
[OPM Mismatch] Company: INDUSINDBK, Year: 2018 - Calculated OPM 37.93% differs from sheet OPM 942.0% by >1%
[Low Interest Coverage] Company: INDUSINDBK, Year: 2018 - Interest coverage ratio 1.38 is < 1.5
[OPM Mismatch] Company: INDUSINDBK, Year: 2019 - Calculated OPM 41.70% differs from sheet OPM -437.0% by >1%
[OPM Mismatch] Company: INDUSINDBK, Year: 2020 - Calculated OPM 43.81% differs from sheet OPM -553.0% by >1%
[OPM Mismatch] Company: INDUSINDBK, Year: 2021 - Calculated OPM 55.16% differs from sheet OPM -2469.0% by >1%
[OPM Mismatch] Company: INDUSINDBK, Year: 2022 - Calculated OPM 51.39% differs from sheet OPM -839.0% by >1%
[OPM Mismatch] Company: INDUSINDBK, Year: 2023 - Calculated OPM 42.69% differs from sheet OPM 2067.0% by >1%
[OPM Mismatch] Company: INDUSINDBK, Year: 2024 - Calculated OPM 38.55% differs from sheet OPM 2978.0% by >1%
[CAGR PAT] Company: IOC, Year: 2020 - CAGR calculation triggered flag: DECLINE_TO_LOSS
[CAGR EPS] Company: IOC, Year: 2020 - CAGR calculation triggered flag: DECLINE_TO_LOSS
[Low Interest Coverage] Company: IRFC, Year: 2013 - Interest coverage ratio 1.36 is < 1.5
[Low Interest Coverage] Company: IRFC, Year: 2014 - Interest coverage ratio 1.34 is < 1.5
[Low Interest Coverage] Company: IRFC, Year: 2015 - Interest coverage ratio 1.38 is < 1.5
[Low Interest Coverage] Company: IRFC, Year: 2016 - Interest coverage ratio 1.35 is < 1.5
[Low Interest Coverage] Company: IRFC, Year: 2017 - Interest coverage ratio 1.31 is < 1.5
[Low Interest Coverage] Company: IRFC, Year: 2018 - Interest coverage ratio 1.39 is < 1.5
[Low Interest Coverage] Company: IRFC, Year: 2019 - Interest coverage ratio 1.35 is < 1.5
[Low Interest Coverage] Company: IRFC, Year: 2020 - Interest coverage ratio 1.31 is < 1.5
[Low Interest Coverage] Company: IRFC, Year: 2021 - Interest coverage ratio 1.39 is < 1.5
[Low Interest Coverage] Company: IRFC, Year: 2022 - Interest coverage ratio 1.43 is < 1.5
[Low Interest Coverage] Company: IRFC, Year: 2023 - Interest coverage ratio 1.35 is < 1.5
[Low Interest Coverage] Company: IRFC, Year: 2024 - Interest coverage ratio 1.32 is < 1.5
[Low Interest Coverage] Company: JINDALSTEL, Year: 2015 - Interest coverage ratio 1.41 is < 1.5
[Low Interest Coverage] Company: JINDALSTEL, Year: 2016 - Interest coverage ratio 1.03 is < 1.5
[Low Interest Coverage] Company: JINDALSTEL, Year: 2017 - Interest coverage ratio 1.26 is < 1.5
[CAGR PAT] Company: JINDALSTEL, Year: 2018 - CAGR calculation triggered flag: DECLINE_TO_LOSS
[CAGR EPS] Company: JINDALSTEL, Year: 2018 - CAGR calculation triggered flag: DECLINE_TO_LOSS
[CAGR PAT] Company: JINDALSTEL, Year: 2019 - CAGR calculation triggered flag: DECLINE_TO_LOSS
[CAGR EPS] Company: JINDALSTEL, Year: 2019 - CAGR calculation triggered flag: DECLINE_TO_LOSS
[CAGR PAT] Company: JINDALSTEL, Year: 2020 - CAGR calculation triggered flag: BOTH_NEGATIVE
[CAGR EPS] Company: JINDALSTEL, Year: 2020 - CAGR calculation triggered flag: BOTH_NEGATIVE
[CAGR PAT] Company: JINDALSTEL, Year: 2021 - CAGR calculation triggered flag: TURNAROUND
[CAGR EPS] Company: JINDALSTEL, Year: 2021 - CAGR calculation triggered flag: TURNAROUND
[CAGR PAT] Company: JINDALSTEL, Year: 2022 - CAGR calculation triggered flag: TURNAROUND
[CAGR EPS] Company: JINDALSTEL, Year: 2022 - CAGR calculation triggered flag: TURNAROUND
[CAGR PAT] Company: JINDALSTEL, Year: 2023 - CAGR calculation triggered flag: TURNAROUND
[CAGR EPS] Company: JINDALSTEL, Year: 2023 - CAGR calculation triggered flag: TURNAROUND
[CAGR PAT] Company: JINDALSTEL, Year: 2024 - CAGR calculation triggered flag: TURNAROUND
[CAGR EPS] Company: JINDALSTEL, Year: 2024 - CAGR calculation triggered flag: TURNAROUND
[OPM Mismatch] Company: JIOFIN, Year: 2023 - Calculated OPM 86.67% differs from sheet OPM 88.0% by >1%
[CAGR EPS] Company: JSWENERGY, Year: 2023 - CAGR calculation triggered flag: ZERO_BASE
[Low Interest Coverage] Company: JSWSTEEL, Year: 2016 - Interest coverage ratio 1.24 is < 1.5
[CAGR PAT] Company: JSWSTEEL, Year: 2021 - CAGR calculation triggered flag: TURNAROUND
[CAGR EPS] Company: JSWSTEEL, Year: 2021 - CAGR calculation triggered flag: TURNAROUND
[OPM Mismatch] Company: KOTAKBANK, Year: 2013 - Calculated OPM 60.92% differs from sheet OPM -1789.0% by >1%
[Low Interest Coverage] Company: KOTAKBANK, Year: 2013 - Interest coverage ratio 1.29 is < 1.5
[OPM Mismatch] Company: KOTAKBANK, Year: 2014 - Calculated OPM 58.84% differs from sheet OPM -1379.0% by >1%
[Low Interest Coverage] Company: KOTAKBANK, Year: 2014 - Interest coverage ratio 1.33 is < 1.5
[OPM Mismatch] Company: KOTAKBANK, Year: 2015 - Calculated OPM 72.96% differs from sheet OPM -3366.0% by >1%
[Low Interest Coverage] Company: KOTAKBANK, Year: 2015 - Interest coverage ratio 1.19 is < 1.5
[OPM Mismatch] Company: KOTAKBANK, Year: 2016 - Calculated OPM 56.57% differs from sheet OPM -2263.0% by >1%
[OPM Mismatch] Company: KOTAKBANK, Year: 2017 - Calculated OPM 66.44% differs from sheet OPM -3965.0% by >1%
[Low Interest Coverage] Company: KOTAKBANK, Year: 2017 - Interest coverage ratio 1.27 is < 1.5
[OPM Mismatch] Company: KOTAKBANK, Year: 2018 - Calculated OPM 66.87% differs from sheet OPM -4141.0% by >1%
[Low Interest Coverage] Company: KOTAKBANK, Year: 2018 - Interest coverage ratio 1.23 is < 1.5
[OPM Mismatch] Company: KOTAKBANK, Year: 2019 - Calculated OPM 66.23% differs from sheet OPM -5114.0% by >1%
[Low Interest Coverage] Company: KOTAKBANK, Year: 2019 - Interest coverage ratio 1.22 is < 1.5
[OPM Mismatch] Company: KOTAKBANK, Year: 2020 - Calculated OPM 67.45% differs from sheet OPM -5005.0% by >1%
[Low Interest Coverage] Company: KOTAKBANK, Year: 2020 - Interest coverage ratio 1.34 is < 1.5
[OPM Mismatch] Company: KOTAKBANK, Year: 2021 - Calculated OPM 90.83% differs from sheet OPM -9958.0% by >1%
[Low Interest Coverage] Company: KOTAKBANK, Year: 2021 - Interest coverage ratio 1.26 is < 1.5
[OPM Mismatch] Company: KOTAKBANK, Year: 2022 - Calculated OPM 90.98% differs from sheet OPM -8512.0% by >1%
[Low Interest Coverage] Company: KOTAKBANK, Year: 2022 - Interest coverage ratio 1.23 is < 1.5
[OPM Mismatch] Company: KOTAKBANK, Year: 2023 - Calculated OPM 79.44% differs from sheet OPM -5746.0% by >1%
[Low Interest Coverage] Company: KOTAKBANK, Year: 2023 - Interest coverage ratio 1.29 is < 1.5
[OPM Mismatch] Company: KOTAKBANK, Year: 2024 - Calculated OPM 83.67% differs from sheet OPM -13382.0% by >1%
[Low Interest Coverage] Company: KOTAKBANK, Year: 2024 - Interest coverage ratio 1.24 is < 1.5
[High Leverage] Company: LODHA, Year: 2011 - Non-financial company debt-to-equity ratio 7.52 is > 5
[High Leverage] Company: LODHA, Year: 2019 - Non-financial company debt-to-equity ratio 6.68 is > 5
[Low Interest Coverage] Company: LODHA, Year: 2021 - Interest coverage ratio 1.09 is < 1.5
[CAGR PAT] Company: M&M, Year: 2020 - CAGR calculation triggered flag: DECLINE_TO_LOSS
[Low Interest Coverage] Company: NAUKRI, Year: 2020 - Interest coverage ratio -4.57 is < 1.5
[CAGR PAT] Company: NAUKRI, Year: 2020 - CAGR calculation triggered flag: BOTH_NEGATIVE
[CAGR EPS] Company: NAUKRI, Year: 2020 - CAGR calculation triggered flag: DECLINE_TO_LOSS
[CAGR PAT] Company: NAUKRI, Year: 2022 - CAGR calculation triggered flag: TURNAROUND
[CAGR EPS] Company: NAUKRI, Year: 2022 - CAGR calculation triggered flag: TURNAROUND
[CAGR PAT] Company: NAUKRI, Year: 2023 - CAGR calculation triggered flag: DECLINE_TO_LOSS
[CAGR EPS] Company: NAUKRI, Year: 2023 - CAGR calculation triggered flag: DECLINE_TO_LOSS
[Low Interest Coverage] Company: PFC, Year: 2013 - Interest coverage ratio 0.55 is < 1.5
[Low Interest Coverage] Company: PFC, Year: 2014 - Interest coverage ratio 0.58 is < 1.5
[Low Interest Coverage] Company: PFC, Year: 2015 - Interest coverage ratio 0.55 is < 1.5
[Low Interest Coverage] Company: PFC, Year: 2016 - Interest coverage ratio 0.55 is < 1.5
[Low Interest Coverage] Company: PFC, Year: 2017 - Interest coverage ratio 0.32 is < 1.5
[Low Interest Coverage] Company: PFC, Year: 2018 - Interest coverage ratio 0.39 is < 1.5
[Low Interest Coverage] Company: PFC, Year: 2019 - Interest coverage ratio 0.52 is < 1.5
[Low Interest Coverage] Company: PFC, Year: 2020 - Interest coverage ratio 0.35 is < 1.5
[Low Interest Coverage] Company: PFC, Year: 2021 - Interest coverage ratio 0.45 is < 1.5
[Low Interest Coverage] Company: PFC, Year: 2022 - Interest coverage ratio 0.52 is < 1.5
[Low Interest Coverage] Company: PFC, Year: 2023 - Interest coverage ratio 0.56 is < 1.5
[Low Interest Coverage] Company: PFC, Year: 2024 - Interest coverage ratio 0.58 is < 1.5
[CAGR PAT] Company: PNB, Year: 2018 - CAGR calculation triggered flag: DECLINE_TO_LOSS
[CAGR EPS] Company: PNB, Year: 2018 - CAGR calculation triggered flag: DECLINE_TO_LOSS
[CAGR PAT] Company: PNB, Year: 2019 - CAGR calculation triggered flag: DECLINE_TO_LOSS
[CAGR EPS] Company: PNB, Year: 2019 - CAGR calculation triggered flag: DECLINE_TO_LOSS
[CAGR PAT] Company: PNB, Year: 2021 - CAGR calculation triggered flag: TURNAROUND
[CAGR EPS] Company: PNB, Year: 2021 - CAGR calculation triggered flag: TURNAROUND
[CAGR PAT] Company: PNB, Year: 2023 - CAGR calculation triggered flag: TURNAROUND
[CAGR EPS] Company: PNB, Year: 2023 - CAGR calculation triggered flag: TURNAROUND
[CAGR PAT] Company: PNB, Year: 2024 - CAGR calculation triggered flag: TURNAROUND
[CAGR EPS] Company: PNB, Year: 2024 - CAGR calculation triggered flag: TURNAROUND
[Low Interest Coverage] Company: RECLTD, Year: 2018 - Interest coverage ratio 1.45 is < 1.5
[Low Interest Coverage] Company: RECLTD, Year: 2020 - Interest coverage ratio 1.37 is < 1.5
[Low Interest Coverage] Company: SBIN, Year: 2013 - Interest coverage ratio 0.26 is < 1.5
[Low Interest Coverage] Company: SBIN, Year: 2014 - Interest coverage ratio 0.19 is < 1.5
[Low Interest Coverage] Company: SBIN, Year: 2015 - Interest coverage ratio 0.21 is < 1.5
[Low Interest Coverage] Company: SBIN, Year: 2016 - Interest coverage ratio 0.14 is < 1.5
[Low Interest Coverage] Company: SBIN, Year: 2017 - Interest coverage ratio 0.03 is < 1.5
[Low Interest Coverage] Company: SBIN, Year: 2018 - Interest coverage ratio -0.06 is < 1.5
[CAGR PAT] Company: SBIN, Year: 2018 - CAGR calculation triggered flag: DECLINE_TO_LOSS
[CAGR EPS] Company: SBIN, Year: 2018 - CAGR calculation triggered flag: DECLINE_TO_LOSS
[Low Interest Coverage] Company: SBIN, Year: 2019 - Interest coverage ratio 0.06 is < 1.5
[Low Interest Coverage] Company: SBIN, Year: 2020 - Interest coverage ratio 0.21 is < 1.5
[Low Interest Coverage] Company: SBIN, Year: 2021 - Interest coverage ratio 0.23 is < 1.5
[Low Interest Coverage] Company: SBIN, Year: 2022 - Interest coverage ratio 0.34 is < 1.5
[CAGR PAT] Company: SBIN, Year: 2022 - CAGR calculation triggered flag: TURNAROUND
[CAGR EPS] Company: SBIN, Year: 2022 - CAGR calculation triggered flag: ZERO_BASE
[Low Interest Coverage] Company: SBIN, Year: 2023 - Interest coverage ratio 0.42 is < 1.5
[CAGR PAT] Company: SBIN, Year: 2023 - CAGR calculation triggered flag: TURNAROUND
[CAGR EPS] Company: SBIN, Year: 2023 - CAGR calculation triggered flag: TURNAROUND
[Low Interest Coverage] Company: SBIN, Year: 2024 - Interest coverage ratio 0.37 is < 1.5
[Low Interest Coverage] Company: SHRIRAMFIN, Year: 2013 - Interest coverage ratio 0.71 is < 1.5
[Low Interest Coverage] Company: SHRIRAMFIN, Year: 2014 - Interest coverage ratio 0.47 is < 1.5
[Low Interest Coverage] Company: SHRIRAMFIN, Year: 2015 - Interest coverage ratio 0.36 is < 1.5
[Low Interest Coverage] Company: SHRIRAMFIN, Year: 2016 - Interest coverage ratio 0.36 is < 1.5
[Low Interest Coverage] Company: SHRIRAMFIN, Year: 2017 - Interest coverage ratio 0.38 is < 1.5
[Low Interest Coverage] Company: SHRIRAMFIN, Year: 2018 - Interest coverage ratio 0.61 is < 1.5
[Low Interest Coverage] Company: SHRIRAMFIN, Year: 2019 - Interest coverage ratio 0.51 is < 1.5
[Low Interest Coverage] Company: SHRIRAMFIN, Year: 2020 - Interest coverage ratio 0.43 is < 1.5
[Low Interest Coverage] Company: SHRIRAMFIN, Year: 2021 - Interest coverage ratio 0.38 is < 1.5
[Low Interest Coverage] Company: SHRIRAMFIN, Year: 2022 - Interest coverage ratio 0.38 is < 1.5
[Low Interest Coverage] Company: SHRIRAMFIN, Year: 2023 - Interest coverage ratio 0.68 is < 1.5
[Low Interest Coverage] Company: SHRIRAMFIN, Year: 2024 - Interest coverage ratio 0.68 is < 1.5
[OPM Mismatch] Company: SUNPHARMA, Year: 2024 - Calculated OPM 26.84% differs from sheet OPM 28.0% by >1%
[CAGR PAT] Company: TATACONSUM, Year: 2021 - CAGR calculation triggered flag: TURNAROUND
[CAGR EPS] Company: TATACONSUM, Year: 2021 - CAGR calculation triggered flag: ZERO_BASE
[Low Interest Coverage] Company: TATAMOTORS, Year: 2019 - Interest coverage ratio -0.35 is < 1.5
[CAGR PAT] Company: TATAMOTORS, Year: 2019 - CAGR calculation triggered flag: DECLINE_TO_LOSS
[CAGR EPS] Company: TATAMOTORS, Year: 2019 - CAGR calculation triggered flag: DECLINE_TO_LOSS
[CAGR PAT] Company: TATAMOTORS, Year: 2020 - CAGR calculation triggered flag: DECLINE_TO_LOSS
[CAGR EPS] Company: TATAMOTORS, Year: 2020 - CAGR calculation triggered flag: DECLINE_TO_LOSS
[CAGR PAT] Company: TATAMOTORS, Year: 2021 - CAGR calculation triggered flag: DECLINE_TO_LOSS
[CAGR EPS] Company: TATAMOTORS, Year: 2021 - CAGR calculation triggered flag: DECLINE_TO_LOSS
[CAGR PAT] Company: TATAMOTORS, Year: 2022 - CAGR calculation triggered flag: DECLINE_TO_LOSS
[CAGR EPS] Company: TATAMOTORS, Year: 2022 - CAGR calculation triggered flag: DECLINE_TO_LOSS
[CAGR PAT] Company: TATAMOTORS, Year: 2024 - CAGR calculation triggered flag: TURNAROUND
[CAGR EPS] Company: TATAMOTORS, Year: 2024 - CAGR calculation triggered flag: TURNAROUND
[CAGR EPS] Company: TATAPOWER, Year: 2018 - CAGR calculation triggered flag: ZERO_BASE
[CAGR EPS] Company: TATAPOWER, Year: 2019 - CAGR calculation triggered flag: TURNAROUND
[Low Interest Coverage] Company: TATASTEEL, Year: 2013 - Interest coverage ratio 1.36 is < 1.5
[CAGR PAT] Company: TATASTEEL, Year: 2018 - CAGR calculation triggered flag: TURNAROUND
[CAGR EPS] Company: TATASTEEL, Year: 2018 - CAGR calculation triggered flag: TURNAROUND
[CAGR PAT] Company: TATASTEEL, Year: 2020 - CAGR calculation triggered flag: TURNAROUND
[CAGR EPS] Company: TATASTEEL, Year: 2020 - CAGR calculation triggered flag: TURNAROUND
[CAGR PAT] Company: TATASTEEL, Year: 2021 - CAGR calculation triggered flag: TURNAROUND
[CAGR EPS] Company: TATASTEEL, Year: 2021 - CAGR calculation triggered flag: ZERO_BASE
[CAGR PAT] Company: TATASTEEL, Year: 2022 - CAGR calculation triggered flag: TURNAROUND
[CAGR EPS] Company: TATASTEEL, Year: 2022 - CAGR calculation triggered flag: TURNAROUND
[CAGR PAT] Company: TATASTEEL, Year: 2024 - CAGR calculation triggered flag: DECLINE_TO_LOSS
[CAGR EPS] Company: TATASTEEL, Year: 2024 - CAGR calculation triggered flag: DECLINE_TO_LOSS
[CAGR PAT] Company: TRENT, Year: 2018 - CAGR calculation triggered flag: TURNAROUND
[CAGR EPS] Company: TRENT, Year: 2018 - CAGR calculation triggered flag: TURNAROUND
[CAGR PAT] Company: TRENT, Year: 2019 - CAGR calculation triggered flag: TURNAROUND
[CAGR EPS] Company: TRENT, Year: 2019 - CAGR calculation triggered flag: TURNAROUND
[Low Interest Coverage] Company: TRENT, Year: 2021 - Interest coverage ratio 1.20 is < 1.5
[CAGR PAT] Company: TRENT, Year: 2021 - CAGR calculation triggered flag: DECLINE_TO_LOSS
[CAGR EPS] Company: TRENT, Year: 2021 - CAGR calculation triggered flag: DECLINE_TO_LOSS
